[debug] [2026-09-06T19:23:24.904Z] ----------------------------------------------------------------------
[debug] [2026-09-06T19:23:24.931Z] Command:       C:\Program Files\nodejs\node.exe C:\Users\wazir\AppData\Roaming\npm\node_modules\firebase-tools\lib\bin\firebase.js login
[debug] [2026-09-06T19:23:24.932Z] CLI Version:   15.24.0
[debug] [2026-09-06T19:23:24.933Z] Platform:      win32
[debug] [2026-09-06T19:23:24.933Z] Node Version:  v24.18.0
[debug] [2026-09-06T19:23:24.934Z] Detected Agent: unknown
[debug] [2026-09-06T19:23:24.935Z] Time:          Sun Sep 06 2026 21:23:24 GMT+0200 (Central Africa Time)
[debug] [2026-09-06T19:23:24.935Z] ----------------------------------------------------------------------
[debug] 
[debug] [2026-09-06T19:23:25.016Z] >>> [apiv2][query] GET https://firebase-public.firebaseio.com/cli.json [none]
[info] Already logged in as muniroamad@gmail.com
[debug] [2026-09-06T19:23:36.221Z] Error: Timed out.
    at Timeout._onTimeout (C:\Users\wazir\AppData\Roaming\npm\node_modules\firebase-tools\lib\utils.js:296:49)
    at listOnTimeout (node:internal/timers:605:17)
    at process.processTimers (node:internal/timers:541:7)
[error] 
[error] Error: An unexpected error has occurred.
[debug] [2026-09-06T19:23:36.390Z] *** [apiv2] error from fetch(https://firebase-public.firebaseio.com/cli.json, {"headers":{},"method":"GET"}): ConnectTimeoutError: Connect Timeout Error (attempted addresses: 34.120.160.131:443, 34.120.206.254:443, 35.190.39.113:443, 35.201.97.85:443, timeout: 10000ms)
[warn] !  Unable to fetch the CLI MOTD and remote config. This is not a fatal error, but may indicate an issue with your network connection. 
[debug] [2026-09-06T19:23:36.392Z] Failed to fetch MOTD FirebaseError: Failed to make request to https://firebase-public.firebaseio.com/cli.json
[debug] [2026-09-06T19:26:22.898Z] ----------------------------------------------------------------------
[debug] [2026-09-06T19:26:22.928Z] Command:       C:\Program Files\nodejs\node.exe C:\Users\wazir\AppData\Roaming\npm\node_modules\firebase-tools\lib\bin\firebase.js init
[debug] [2026-09-06T19:26:22.929Z] CLI Version:   15.24.0
[debug] [2026-09-06T19:26:22.930Z] Platform:      win32
[debug] [2026-09-06T19:26:22.930Z] Node Version:  v24.18.0
[debug] [2026-09-06T19:26:22.931Z] Detected Agent: unknown
[debug] [2026-09-06T19:26:22.932Z] Time:          Sun Sep 06 2026 21:26:22 GMT+0200 (Central Africa Time)
[debug] [2026-09-06T19:26:22.932Z] ----------------------------------------------------------------------
[debug] 
[debug] [2026-09-06T19:26:23.061Z] >>> [apiv2][query] GET https://firebase-public.firebaseio.com/cli.json [none]
[info] 
     ######## #### ########  ######## ########     ###     ######  ########
     ##        ##  ##     ## ##       ##     ##  ##   ##  ##       ##
     ######    ##  ########  ######   ########  #########  ######  ######
     ##        ##  ##    ##  ##       ##     ## ##     ##       ## ##
     ##       #### ##     ## ######## ########  ##     ##  ######  ########

You're about to initialize a Firebase project in this directory:

  C:\Users\wazir\OneDrive\Documents\GitHub\faroltech

Before we get started, keep in mind:

  * You are initializing within an existing Firebase project directory

[debug] [2026-09-06T19:27:57.273Z] <<< [apiv2][status] GET https://firebase-public.firebaseio.com/cli.json 200
[debug] [2026-09-06T19:27:57.273Z] <<< [apiv2][body] GET https://firebase-public.firebaseio.com/cli.json {"cloudBuildErrorAfter":1594252800000,"cloudBuildWarnAfter":1590019200000,"defaultNode10After":1594252800000,"minVersion":"3.0.5","node8DeploysDisabledAfter":1613390400000,"node8RuntimeDisabledAfter":1615809600000,"node8WarnAfter":1600128000000}
[info] 
=== Project Setup
[info] 
[info] First, let's associate this project directory with a Firebase project.
[info] You can create multiple project aliases by running firebase use --add, 
[info] 
[debug] [2026-09-06T19:44:58.658Z] > command requires scopes: ["email","openid","https://www.googleapis.com/auth/cloudplatformprojects.readonly","https://www.googleapis.com/auth/firebase","https://www.googleapis.com/auth/cloud-platform"]
[debug] [2026-09-06T19:44:58.661Z] > authorizing via signed-in user (muniroamad@gmail.com)
[debug] [2026-09-06T19:44:58.675Z] Checked if tokens are valid: false, expires at: 1784587666822
[debug] [2026-09-06T19:44:58.675Z] Checked if tokens are valid: false, expires at: 1784587666822
[debug] [2026-09-06T19:44:58.676Z] > refreshing access token with scopes: []
[debug] [2026-09-06T19:44:58.690Z] >>> [apiv2][query] POST https://www.googleapis.com/oauth2/v3/token [none]
[debug] [2026-09-06T19:44:58.690Z] >>> [apiv2][body] POST https://www.googleapis.com/oauth2/v3/token [omitted]
[debug] [2026-09-06T19:45:05.747Z] <<< [apiv2][status] POST https://www.googleapis.com/oauth2/v3/token 200
[debug] [2026-09-06T19:45:05.748Z] <<< [apiv2][body] POST https://www.googleapis.com/oauth2/v3/token [omitted]
[debug] [2026-09-06T19:45:05.791Z] >>> [apiv2][query] GET https://firebase.googleapis.com/v1beta1/projects pageSize=100
[debug] [2026-09-06T19:45:15.935Z] <<< [apiv2][status] GET https://firebase.googleapis.com/v1beta1/projects 200
[debug] [2026-09-06T19:45:15.936Z] <<< [apiv2][body] GET https://firebase.googleapis.com/v1beta1/projects [omitted]
[info] 
=== Hosting Setup
[debug] [2026-09-06T19:49:18.310Z] Error: Cannot find module 'vite'
Require stack:
- C:\Users\wazir\AppData\Roaming\npm\node_modules\firebase-tools\lib\frameworks\utils.js
- C:\Users\wazir\AppData\Roaming\npm\node_modules\firebase-tools\lib\frameworks\index.js
- C:\Users\wazir\AppData\Roaming\npm\node_modules\firebase-tools\lib\init\features\hosting\index.js
- C:\Users\wazir\AppData\Roaming\npm\node_modules\firebase-tools\lib\init\features\index.js
- C:\Users\wazir\AppData\Roaming\npm\node_modules\firebase-tools\lib\init\index.js
- C:\Users\wazir\AppData\Roaming\npm\node_modules\firebase-tools\lib\commands\init.js
- C:\Users\wazir\AppData\Roaming\npm\node_modules\firebase-tools\lib\commands\index.js
- C:\Users\wazir\AppData\Roaming\npm\node_modules\firebase-tools\lib\index.js
- C:\Users\wazir\AppData\Roaming\npm\node_modules\firebase-tools\lib\bin\cli.js
- C:\Users\wazir\AppData\Roaming\npm\node_modules\firebase-tools\lib\bin\firebase.js
    at Module._resolveFilename (node:internal/modules/cjs/loader:1517:15)
    at wrapResolveFilename (node:internal/modules/cjs/loader:1071:27)
    at resolveForCJSWithHooks (node:internal/modules/cjs/loader:1122:12)
    at require.resolve (node:internal/modules/helpers:171:31)
    at relativeRequire (C:\Users\wazir\AppData\Roaming\npm\node_modules\firebase-tools\lib\frameworks\utils.js:259:34)
    at getConfig (C:\Users\wazir\AppData\Roaming\npm\node_modules\firebase-tools\lib\frameworks\vite\index.js:112:65)
    at discover (C:\Users\wazir\AppData\Roaming\npm\node_modules\firebase-tools\lib\frameworks\vite\index.js:65:68)
    at async C:\Users\wazir\AppData\Roaming\npm\node_modules\firebase-tools\lib\frameworks\vite\index.js:44:55
    at async discover (C:\Users\wazir\AppData\Roaming\npm\node_modules\firebase-tools\lib\frameworks\index.js:50:32)
    at async Object.askQuestions (C:\Users\wazir\AppData\Roaming\npm\node_modules\firebase-tools\lib\init\features\hosting\index.js:23:33)
[error] 
[error] Error: An unexpected error has occurred.
